[25707] 2026/09/27 07:54:16.752462 [INF] Starting nats-server
[25707] 2026/09/27 07:54:16.752513 [INF]   Version:  2.14.7
[25707] 2026/09/27 07:54:16.752515 [INF]   Git:      [not set]
[25707] 2026/09/27 07:54:16.752516 [INF]   Name:     NDL7XKKBRNWLKWQRJCGK5SDWD5G7CW627X2EKWDKVYHYLVUBTERTU4FM
[25707] 2026/09/27 07:54:16.752519 [INF]   Node:     6kVv2Ov7
[25707] 2026/09/27 07:54:16.752520 [INF]   ID:       NDL7XKKBRNWLKWQRJCGK5SDWD5G7CW627X2EKWDKVYHYLVUBTERTU4FM
[25707] 2026/09/27 07:54:16.753445 [INF] Starting http monitor on 0.0.0.0:8333
[25707] 2026/09/27 07:54:16.753589 [INF] Starting JetStream
[25707] 2026/09/27 07:54:16.753797 [INF]     _ ___ _____ ___ _____ ___ ___   _   __  __
[25707] 2026/09/27 07:54:16.753800 [INF]  _ | | __|_   _/ __|_   _| _ \ __| /_\ |  \/  |
[25707] 2026/09/27 07:54:16.753801 [INF] | || | _|  | | \__ \ | | |   / _| / _ \| |\/| |
[25707] 2026/09/27 07:54:16.753802 [INF]  \__/|___| |_| |___/ |_| |_|_\___/_/ \_\_|  |_|
[25707] 2026/09/27 07:54:16.753804 [INF] 
[25707] 2026/09/27 07:54:16.753805 [INF]          https://docs.nats.io/jetstream
[25707] 2026/09/27 07:54:16.753806 [INF] 
[25707] 2026/09/27 07:54:16.753807 [INF] ---------------- JETSTREAM ----------------
[25707] 2026/09/27 07:54:16.753808 [INF]   Strict:          true
[25707] 2026/09/27 07:54:16.753811 [INF]   Max Memory:      11.79 GB
[25707] 2026/09/27 07:54:16.753812 [INF]   Max Storage:     20.42 GB
[25707] 2026/09/27 07:54:16.753813 [INF]   Store Directory: "<review-sandbox>/brokerx/jsdata/jetstream"
[25707] 2026/09/27 07:54:16.753819 [INF]   API Level:       4
[25707] 2026/09/27 07:54:16.753820 [INF] -------------------------------------------
[25707] 2026/09/27 07:54:16.754157 [INF] Took 564.415µs to start JetStream
[25707] 2026/09/27 07:54:16.754399 [INF] Listening for client connections on 0.0.0.0:4333
[25707] 2026/09/27 07:54:16.754551 [INF] Server is ready
[25707] 2026/09/27 07:54:42.939879 [INF] Trapped "terminated" signal
[25707] 2026/09/27 07:54:42.940035 [INF] Initiating Shutdown...
[25707] 2026/09/27 07:54:42.940047 [INF] Initiating JetStream Shutdown...
[25707] 2026/09/27 07:54:42.940054 [INF] JetStream Shutdown
[25707] 2026/09/27 07:54:42.940197 [INF] Server Exiting..
