[25759] 2026/09/27 07:55:22.614212 [INF] Starting nats-server
[25759] 2026/09/27 07:55:22.614361 [INF]   Version:  2.14.7
[25759] 2026/09/27 07:55:22.614364 [INF]   Git:      [not set]
[25759] 2026/09/27 07:55:22.614366 [INF]   Name:     NDFNB2N2DIE2VD5YXDOD2SY36WFDESWZ3J6GFBAUI4RYOBEKSMSMIA3L
[25759] 2026/09/27 07:55:22.614373 [INF]   Node:     wTOreSLa
[25759] 2026/09/27 07:55:22.614375 [INF]   ID:       NDFNB2N2DIE2VD5YXDOD2SY36WFDESWZ3J6GFBAUI4RYOBEKSMSMIA3L
[25759] 2026/09/27 07:55:22.614962 [INF] Starting http monitor on 0.0.0.0:8333
[25759] 2026/09/27 07:55:22.615063 [INF] Starting JetStream
[25759] 2026/09/27 07:55:22.615326 [INF]     _ ___ _____ ___ _____ ___ ___   _   __  __
[25759] 2026/09/27 07:55:22.615330 [INF]  _ | | __|_   _/ __|_   _| _ \ __| /_\ |  \/  |
[25759] 2026/09/27 07:55:22.615331 [INF] | || | _|  | | \__ \ | | |   / _| / _ \| |\/| |
[25759] 2026/09/27 07:55:22.615333 [INF]  \__/|___| |_| |___/ |_| |_|_\___/_/ \_\_|  |_|
[25759] 2026/09/27 07:55:22.615334 [INF] 
[25759] 2026/09/27 07:55:22.615339 [INF]          https://docs.nats.io/jetstream
[25759] 2026/09/27 07:55:22.615341 [INF] 
[25759] 2026/09/27 07:55:22.615342 [INF] ---------------- JETSTREAM ----------------
[25759] 2026/09/27 07:55:22.615343 [INF]   Strict:          true
[25759] 2026/09/27 07:55:22.615346 [INF]   Max Memory:      11.79 GB
[25759] 2026/09/27 07:55:22.615347 [INF]   Max Storage:     20.42 GB
[25759] 2026/09/27 07:55:22.615348 [INF]   Store Directory: "<review-sandbox>/brokerx/jsdata/jetstream"
[25759] 2026/09/27 07:55:22.615352 [INF]   API Level:       4
[25759] 2026/09/27 07:55:22.615353 [INF] -------------------------------------------
[25759] 2026/09/27 07:55:22.615653 [INF] Took 587.378µs to start JetStream
[25759] 2026/09/27 07:55:22.615693 [INF] Listening for client connections on 0.0.0.0:4333
[25759] 2026/09/27 07:55:22.615869 [INF] Server is ready
[25759] 2026/09/27 08:01:59.769922 [INF] Trapped "terminated" signal
[25759] 2026/09/27 08:01:59.770265 [INF] Initiating Shutdown...
[25759] 2026/09/27 08:01:59.770280 [INF] Initiating JetStream Shutdown...
[25759] 2026/09/27 08:01:59.770450 [INF] JetStream Shutdown
[25759] 2026/09/27 08:01:59.770600 [INF] Server Exiting..
